// Jest Snapshot v1, https://goo.gl/fbAQLP

exports[`CurrencyInput currency format config when the format has a prefix builds the config correctly 1`] = `
Object {
  "allowDecimal": true,
  "allowNegative": true,
  "decimalSymbol": ".",
  "prefix": "€ ",
  "suffix": "",
  "thousandsSeparatorSymbol": ",",
}
`;

exports[`CurrencyInput currency format config when the format has a suffix builds the config correctly 1`] = `
Object {
  "allowDecimal": true,
  "allowNegative": true,
  "decimalSymbol": ",",
  "prefix": "",
  "suffix": " €",
  "thousandsSeparatorSymbol": ".",
}
`;
